// Jest Snapshot v1, https://goo.gl/fbAQLP

exports[`render Corzina Header snapshot 1`] = `
{
  "asFragment": [Function],
  "baseElement": <body>
    <div>
      <div
        class="header"
      >
        <div
          class="d-flex header_top space-b address"
        >
          <div
            class="d-flex space-b"
          >
            <div
              class="d-flex space-a al-center"
            >
              <img
                class="icon"
                height="16"
                src="./img/icons/first.png"
                width="13"
              />
              <div
                class="d-flex address column"
              >
                <b>
                  г. Кокчетав, ул. Ж. Ташенова 129Б 
                </b>
                <span>
                  (Рынок Восточный)
                </span>
              </div>
            </div>
            <div
              class=" d-flex space-a al-center"
            >
              <img
                alt=""
                class="icon"
                height="13"
                src="./img/icons/second.png"
                width="16"
              />
              <div
                class="address d-flex column	"
              >
                <b>
                  opt.sultan@mail.ru
                </b>
                <span>
                   На связи в любое время
                </span>
              </div>
            </div>
          </div>
          <div
            class="header_top_right al-center d-flex space-b "
          >
            <p>
              О компании
            </p>
            <p>
              Доставка и оплата
            </p>
            <p>
              Возврат
            </p>
            <p>
              Контакты
            </p>
          </div>
        </div>
      </div>
    </div>
  </body>,
  "container": <div>
    <div
      class="header"
    >
      <div
        class="d-flex header_top space-b address"
      >
        <div
          class="d-flex space-b"
        >
          <div
            class="d-flex space-a al-center"
          >
            <img
              class="icon"
              height="16"
              src="./img/icons/first.png"
              width="13"
            />
            <div
              class="d-flex address column"
            >
              <b>
                г. Кокчетав, ул. Ж. Ташенова 129Б 
              </b>
              <span>
                (Рынок Восточный)
              </span>
            </div>
          </div>
          <div
            class=" d-flex space-a al-center"
          >
            <img
              alt=""
              class="icon"
              height="13"
              src="./img/icons/second.png"
              width="16"
            />
            <div
              class="address d-flex column	"
            >
              <b>
                opt.sultan@mail.ru
              </b>
              <span>
                 На связи в любое время
              </span>
            </div>
          </div>
        </div>
        <div
          class="header_top_right al-center d-flex space-b "
        >
          <p>
            О компании
          </p>
          <p>
            Доставка и оплата
          </p>
          <p>
            Возврат
          </p>
          <p>
            Контакты
          </p>
        </div>
      </div>
    </div>
  </div>,
  "debug": [Function],
  "findAllByAltText": [Function],
  "findAllByDisplayValue": [Function],
  "findAllByLabelText": [Function],
  "findAllByPlaceholderText": [Function],
  "findAllByRole": [Function],
  "findAllByTestId": [Function],
  "findAllByText": [Function],
  "findAllByTitle": [Function],
  "findByAltText": [Function],
  "findByDisplayValue": [Function],
  "findByLabelText": [Function],
  "findByPlaceholderText": [Function],
  "findByRole": [Function],
  "findByTestId": [Function],
  "findByText": [Function],
  "findByTitle": [Function],
  "getAllByAltText": [Function],
  "getAllByDisplayValue": [Function],
  "getAllByLabelText": [Function],
  "getAllByPlaceholderText": [Function],
  "getAllByRole": [Function],
  "getAllByTestId": [Function],
  "getAllByText": [Function],
  "getAllByTitle": [Function],
  "getByAltText": [Function],
  "getByDisplayValue": [Function],
  "getByLabelText": [Function],
  "getByPlaceholderText": [Function],
  "getByRole": [Function],
  "getByTestId": [Function],
  "getByText": [Function],
  "getByTitle": [Function],
  "queryAllByAltText": [Function],
  "queryAllByDisplayValue": [Function],
  "queryAllByLabelText": [Function],
  "queryAllByPlaceholderText": [Function],
  "queryAllByRole": [Function],
  "queryAllByTestId": [Function],
  "queryAllByText": [Function],
  "queryAllByTitle": [Function],
  "queryByAltText": [Function],
  "queryByDisplayValue": [Function],
  "queryByLabelText": [Function],
  "queryByPlaceholderText": [Function],
  "queryByRole": [Function],
  "queryByTestId": [Function],
  "queryByText": [Function],
  "queryByTitle": [Function],
  "rerender": [Function],
  "unmount": [Function],
}
`;
